"","interaction.depth","n.trees","shrinkage","n.minobsinnode"
"1","1",50,0.1,20
"2","5",50,0.1,20
"3","9",50,0.1,20
"4","1",100,0.1,20
"5","5",100,0.1,20
"6","9",100,0.1,20
"7","1",150,0.1,20
"8","5",150,0.1,20
"9","9",150,0.1,20
"10","1",200,0.1,20
"11","5",200,0.1,20
"12","9",200,0.1,20
"13","1",250,0.1,20
"14","5",250,0.1,20
"15","9",250,0.1,20
"16","1",300,0.1,20
"17","5",300,0.1,20
"18","9",300,0.1,20
"19","1",350,0.1,20
"20","5",350,0.1,20
"21","9",350,0.1,20
"22","1",400,0.1,20
"23","5",400,0.1,20
"24","9",400,0.1,20
"25","1",450,0.1,20
"26","5",450,0.1,20
"27","9",450,0.1,20
"28","1",500,0.1,20
"29","5",500,0.1,20
"30","9",500,0.1,20
"31","1",550,0.1,20
"32","5",550,0.1,20
"33","9",550,0.1,20
"34","1",600,0.1,20
"35","5",600,0.1,20
"36","9",600,0.1,20
"37","1",650,0.1,20
"38","5",650,0.1,20
"39","9",650,0.1,20
"40","1",700,0.1,20
"41","5",700,0.1,20
"42","9",700,0.1,20
"43","1",750,0.1,20
"44","5",750,0.1,20
"45","9",750,0.1,20
"46","1",800,0.1,20
"47","5",800,0.1,20
"48","9",800,0.1,20
"49","1",850,0.1,20
"50","5",850,0.1,20
"51","9",850,0.1,20
"52","1",900,0.1,20
"53","5",900,0.1,20
"54","9",900,0.1,20
"55","1",950,0.1,20
"56","5",950,0.1,20
"57","9",950,0.1,20
"58","1",1000,0.1,20
"59","5",1000,0.1,20
"60","9",1000,0.1,20
"61","1",1050,0.1,20
"62","5",1050,0.1,20
"63","9",1050,0.1,20
"64","1",1100,0.1,20
"65","5",1100,0.1,20
"66","9",1100,0.1,20
"67","1",1150,0.1,20
"68","5",1150,0.1,20
"69","9",1150,0.1,20
"70","1",1200,0.1,20
"71","5",1200,0.1,20
"72","9",1200,0.1,20
"73","1",1250,0.1,20
"74","5",1250,0.1,20
"75","9",1250,0.1,20
"76","1",1300,0.1,20
"77","5",1300,0.1,20
"78","9",1300,0.1,20
"79","1",1350,0.1,20
"80","5",1350,0.1,20
"81","9",1350,0.1,20
"82","1",1400,0.1,20
"83","5",1400,0.1,20
"84","9",1400,0.1,20
"85","1",1450,0.1,20
"86","5",1450,0.1,20
"87","9",1450,0.1,20
"88","1",1500,0.1,20
"89","5",1500,0.1,20
"90","9",1500,0.1,20
